C51 COMPILER V9.59.0.0   LW8_1                                                             10/14/2018 23:53:23 PAGE 1   


C51 COMPILER V9.59.0.0, COMPILATION OF MODULE LW8_1
OBJECT MODULE PLACED IN .\Objects\lw8-1.obj
COMPILER INVOKED BY: C:\Keil_v5\C51\BIN\C51.exe lw8-1.c OPTIMIZE(8,SPEED) BROWSE DEBUG OBJECTEXTEND PRINT(.\Listings\lw8
                    --1.lst) TABS(2) OBJECT(.\Objects\lw8-1.obj)

line level    source

   1          #include "at89c5131.h"
   2          #include "stdio.h"
   3          #include "Keypad_Updated.c"
   4          #include "lcd_test.c"
   5          unsigned char in_char, temp_psw, input;
   6          int key_en = 0;
   7          
   8          void keypad_interrupt(void) interrupt 7
   9            
  10          {
  11   1        
  12   1          lcd_char(read_keypad());
  13   1          msdelay(1000);
  14   1          lcd_cmd(0x01);
  15   1          
  16   1          KBF = 0x00;
  17   1      
  18   1      }
  19          
  20          void main()
  21          {
  22   1        keypad_init();
  23   1        port_init();
  24   1        
  25   1        P2 = 0x00;                      // Make Port 2 output 
  26   1        lcd_init();
  27   1        
  28   1        while(1){
  29   2          lcd_cmd(0x80);
  30   2        }
  31   1        
  32   1      }


MODULE INFORMATION:   STATIC OVERLAYABLE
   CODE SIZE        =    548    ----
   CONSTANT SIZE    =   ----    ----
   XDATA SIZE       =   ----    ----
   PDATA SIZE       =   ----    ----
   DATA SIZE        =      5       7
   IDATA SIZE       =   ----    ----
   BIT SIZE         =   ----    ----
END OF MODULE INFORMATION.


C51 COMPILATION COMPLETE.  0 WARNING(S),  0 ERROR(S)
